******************************************************************************
             TMS320C2000 Linker PC v22.6.3                     
******************************************************************************
>> Linked Tue Mar 17 12:57:04 2026

OUTPUT FILE NAME:   <Example_F2802xSci_echoback.out>
ENTRY POINT SYMBOL: "code_start"  address: 00000000


MEMORY CONFIGURATION

         name            origin    length      used     unused   attr    fill
----------------------  --------  ---------  --------  --------  ----  --------
PAGE 0:
  BEGIN                 00000000   00000002  00000002  00000000  RWIX
  RAMM0                 00000050   000003b0  0000002f  00000381  RWIX
  PRAML0                00008000   00000900  0000046a  00000496  RWIX
  IQTABLES              003fe000   00000b50  00000000  00000b50  RWIX
  IQTABLES2             003feb50   0000008c  00000000  0000008c  RWIX
  IQTABLES3             003febdc   000000aa  00000000  000000aa  RWIX
  BOOTROM               003ff27c   00000d44  00000000  00000d44  RWIX
  RESET                 003fffc0   00000002  00000000  00000002  RWIX

PAGE 1:
  BOOT_RSVD             00000002   0000004e  00000000  0000004e  RWIX
  RAMM1                 00000400   00000400  00000200  00000200  RWIX
  DEV_EMU               00000880   00000105  00000004  00000101  RWIX
  SYS_PWR_CTL           00000985   00000003  00000003  00000000  RWIX
  FLASH_REGS            00000a80   00000060  00000008  00000058  RWIX
  CSM                   00000ae0   00000010  00000010  00000000  RWIX
  ADC_RESULT            00000b00   00000020  00000020  00000000  RWIX
  CPU_TIMER0            00000c00   00000008  00000008  00000000  RWIX
  CPU_TIMER1            00000c08   00000008  00000008  00000000  RWIX
  CPU_TIMER2            00000c10   00000008  00000008  00000000  RWIX
  PIE_CTRL              00000ce0   00000020  0000001a  00000006  RWIX
  PIE_VECT              00000d00   00000100  00000100  00000000  RWIX
  COMP1                 00006400   00000020  00000011  0000000f  RWIX
  COMP2                 00006420   00000020  00000011  0000000f  RWIX
  EPWM1                 00006800   00000040  00000040  00000000  RWIX
  EPWM2                 00006840   00000040  00000040  00000000  RWIX
  EPWM3                 00006880   00000040  00000040  00000000  RWIX
  EPWM4                 000068c0   00000040  00000040  00000000  RWIX
  ECAP1                 00006a00   00000020  00000020  00000000  RWIX
  GPIOCTRL              00006f80   00000040  00000040  00000000  RWIX
  GPIODAT               00006fc0   00000020  00000020  00000000  RWIX
  GPIOINT               00006fe0   00000020  0000000a  00000016  RWIX
  SYSTEM                00007010   00000020  0000001f  00000001  RWIX
  SPIA                  00007040   00000010  00000010  00000000  RWIX
  SCIA                  00007050   00000010  00000010  00000000  RWIX
  NMIINTRUPT            00007060   00000010  00000010  00000000  RWIX
  XINTRUPT              00007070   00000010  00000010  00000000  RWIX
  ADC                   00007100   00000080  00000051  0000002f  RWIX
  I2CA                  00007900   00000040  00000022  0000001e  RWIX
  DRAML0                00008900   00000700  000000a5  0000065b  RWIX
  PARTID                003d7fff   00000001  00000001  00000000  RWIX
  CSM_PWL               003f7ff8   00000008  00000008  00000000  RWIX


SECTION ALLOCATION MAP

 output                                  attributes/
section   page    origin      length       input sections
--------  ----  ----------  ----------   ----------------
codestart 
*          0    00000000    00000002     
                  00000000    00000002     driverlib.lib : f2802xx_codestartbranch.obj (codestart)

.cinit     0    00000050    0000002b     
                  00000050    00000011     Example_2802xSci_Echoback.obj (.cinit)
                  00000061    0000000e     rts2800_ml.lib : exit.c.obj (.cinit)
                  0000006f    00000005     <whole-program> (.cinit:__lock)
                  00000074    00000005     <whole-program> (.cinit:__unlock)
                  00000079    00000002     --HOLE-- [fill = 0]

.text      0    00008000    0000046a     
                  00008000    000001f6     Example_2802xSci_Echoback.obj (.text)
                  000081f6    00000078     rts2800_ml.lib : fs_add28.asm.obj (.text)
                  0000826e    0000005a                    : fs_mpy28.asm.obj (.text)
                  000082c8    00000054                    : boot28.asm.obj (.text)
                  0000831c    0000002a                    : l_div28.asm.obj (.text)
                  00008346    00000029                    : exit.c.obj (.text)
                  0000836f    00000029                    : fs_tol28.asm.obj (.text)
                  00008398    00000024                    : cpy_tbl.c.obj (.text)
                  000083bc    0000001c                    : memcpy.c.obj (.text)
                  000083d8    0000001a                    : l_tofs28.asm.obj (.text)
                  000083f2    00000019                    : prolog28.asm.obj (.text)
                  0000840b    00000017                    : fs_cmp28.asm.obj (.text)
                  00008422    00000011                    : args_main.c.obj (.text)
                  00008433    00000010                    : u_tofs28.asm.obj (.text)
                  00008443    0000000c                    : epilog28.asm.obj (.text)
                  0000844f    0000000a     driverlib.lib : f2802xx_asmfuncs.obj (.text)
                  00008459    00000008                   : f2802xx_codestartbranch.obj (.text)
                  00008461    00000005     rts2800_ml.lib : fs_neg28.asm.obj (.text)
                  00008466    00000002                    : pre_init.c.obj (.text)
                  00008468    00000001                    : _lock.c.obj (.text)
                  00008469    00000001                    : startup.c.obj (.text)

.pinit     0    00000050    00000000     UNINITIALIZED

.reset     0    003fffc0    00000002     DSECT
                  003fffc0    00000002     rts2800_ml.lib : boot28.asm.obj (.reset)

.stack     1    00000400    00000200     UNINITIALIZED
                  00000400    00000200     --HOLE--

.econst    1    00008900    00000095     
                  00008900    00000095     Example_2802xSci_Echoback.obj (.econst:.string)

.ebss      1    00008996    00000010     UNINITIALIZED
                  00008996    00000006     Example_2802xSci_Echoback.obj (.ebss)
                  0000899c    00000006     rts2800_ml.lib : exit.c.obj (.ebss)
                  000089a2    00000002                    : _lock.c.obj (.ebss:__lock)
                  000089a4    00000002                    : _lock.c.obj (.ebss:__unlock)

DevEmuRegsFile 
*          1    00000880    00000004     UNINITIALIZED
                  00000880    00000004     driverlib.lib : F2802xX_GlobalVariableDefs.obj (DevEmuRegsFile)

SysPwrCtrlRegsFile 
*          1    00000985    00000003     UNINITIALIZED
                  00000985    00000003     driverlib.lib : F2802xX_GlobalVariableDefs.obj (SysPwrCtrlRegsFile)

FlashRegsFile 
*          1    00000a80    00000008     UNINITIALIZED
                  00000a80    00000008     driverlib.lib : F2802xX_GlobalVariableDefs.obj (FlashRegsFile)

CsmRegsFile 
*          1    00000ae0    00000010     UNINITIALIZED
                  00000ae0    00000010     driverlib.lib : F2802xX_GlobalVariableDefs.obj (CsmRegsFile)

AdcResultFile 
*          1    00000b00    00000020     UNINITIALIZED
                  00000b00    00000020     driverlib.lib : F2802xX_GlobalVariableDefs.obj (AdcResultFile)

CpuTimer0RegsFile 
*          1    00000c00    00000008     UNINITIALIZED
                  00000c00    00000008     driverlib.lib : F2802xX_GlobalVariableDefs.obj (CpuTimer0RegsFile)

CpuTimer1RegsFile 
*          1    00000c08    00000008     UNINITIALIZED
                  00000c08    00000008     driverlib.lib : F2802xX_GlobalVariableDefs.obj (CpuTimer1RegsFile)

CpuTimer2RegsFile 
*          1    00000c10    00000008     UNINITIALIZED
                  00000c10    00000008     driverlib.lib : F2802xX_GlobalVariableDefs.obj (CpuTimer2RegsFile)

PieCtrlRegsFile 
*          1    00000ce0    0000001a     UNINITIALIZED
                  00000ce0    0000001a     driverlib.lib : F2802xX_GlobalVariableDefs.obj (PieCtrlRegsFile)

PieVectTableFile 
*          1    00000d00    00000100     UNINITIALIZED
                  00000d00    00000100     driverlib.lib : F2802xX_GlobalVariableDefs.obj (PieVectTableFile)

EmuKeyVar 
*          1    00000d00    00000001     UNINITIALIZED
                  00000d00    00000001     driverlib.lib : F2802xX_GlobalVariableDefs.obj (EmuKeyVar)

EmuBModeVar 
*          1    00000d01    00000001     UNINITIALIZED
                  00000d01    00000001     driverlib.lib : F2802xX_GlobalVariableDefs.obj (EmuBModeVar)

FlashCallbackVar 
*          1    00000d02    00000002     UNINITIALIZED
                  00000d02    00000002     driverlib.lib : F2802xX_GlobalVariableDefs.obj (FlashCallbackVar)

FlashScalingVar 
*          1    00000d04    00000002     UNINITIALIZED
                  00000d04    00000002     driverlib.lib : F2802xX_GlobalVariableDefs.obj (FlashScalingVar)

Comp1RegsFile 
*          1    00006400    00000011     UNINITIALIZED
                  00006400    00000011     driverlib.lib : F2802xX_GlobalVariableDefs.obj (Comp1RegsFile)

Comp2RegsFile 
*          1    00006420    00000011     UNINITIALIZED
                  00006420    00000011     driverlib.lib : F2802xX_GlobalVariableDefs.obj (Comp2RegsFile)

EPwm1RegsFile 
*          1    00006800    00000040     UNINITIALIZED
                  00006800    00000040     driverlib.lib : F2802xX_GlobalVariableDefs.obj (EPwm1RegsFile)

EPwm2RegsFile 
*          1    00006840    00000040     UNINITIALIZED
                  00006840    00000040     driverlib.lib : F2802xX_GlobalVariableDefs.obj (EPwm2RegsFile)

EPwm3RegsFile 
*          1    00006880    00000040     UNINITIALIZED
                  00006880    00000040     driverlib.lib : F2802xX_GlobalVariableDefs.obj (EPwm3RegsFile)

EPwm4RegsFile 
*          1    000068c0    00000040     UNINITIALIZED
                  000068c0    00000040     driverlib.lib : F2802xX_GlobalVariableDefs.obj (EPwm4RegsFile)

ECap1RegsFile 
*          1    00006a00    00000020     UNINITIALIZED
                  00006a00    00000020     driverlib.lib : F2802xX_GlobalVariableDefs.obj (ECap1RegsFile)

GpioCtrlRegsFile 
*          1    00006f80    00000040     UNINITIALIZED
                  00006f80    00000040     driverlib.lib : F2802xX_GlobalVariableDefs.obj (GpioCtrlRegsFile)

GpioDataRegsFile 
*          1    00006fc0    00000020     UNINITIALIZED
                  00006fc0    00000020     driverlib.lib : F2802xX_GlobalVariableDefs.obj (GpioDataRegsFile)

GpioIntRegsFile 
*          1    00006fe0    0000000a     UNINITIALIZED
                  00006fe0    0000000a     driverlib.lib : F2802xX_GlobalVariableDefs.obj (GpioIntRegsFile)

SysCtrlRegsFile 
*          1    00007010    0000001f     UNINITIALIZED
                  00007010    0000001f     driverlib.lib : F2802xX_GlobalVariableDefs.obj (SysCtrlRegsFile)

SpiaRegsFile 
*          1    00007040    00000010     UNINITIALIZED
                  00007040    00000010     driverlib.lib : F2802xX_GlobalVariableDefs.obj (SpiaRegsFile)

SciaRegsFile 
*          1    00007050    00000010     UNINITIALIZED
                  00007050    00000010     driverlib.lib : F2802xX_GlobalVariableDefs.obj (SciaRegsFile)

NmiIntruptRegsFile 
*          1    00007060    00000010     UNINITIALIZED
                  00007060    00000010     driverlib.lib : F2802xX_GlobalVariableDefs.obj (NmiIntruptRegsFile)

XIntruptRegsFile 
*          1    00007070    00000010     UNINITIALIZED
                  00007070    00000010     driverlib.lib : F2802xX_GlobalVariableDefs.obj (XIntruptRegsFile)

AdcRegsFile 
*          1    00007100    00000051     UNINITIALIZED
                  00007100    00000051     driverlib.lib : F2802xX_GlobalVariableDefs.obj (AdcRegsFile)

I2caRegsFile 
*          1    00007900    00000022     UNINITIALIZED
                  00007900    00000022     driverlib.lib : F2802xX_GlobalVariableDefs.obj (I2caRegsFile)

PartIdRegsFile 
*          1    003d7fff    00000001     UNINITIALIZED
                  003d7fff    00000001     driverlib.lib : F2802xX_GlobalVariableDefs.obj (PartIdRegsFile)

CsmPwlFile 
*          1    003f7ff8    00000008     UNINITIALIZED
                  003f7ff8    00000008     driverlib.lib : F2802xX_GlobalVariableDefs.obj (CsmPwlFile)

ramfuncs   0    0000007b    00000004     
                  0000007b    00000004     driverlib.lib : f2802xx_asmfuncs.obj (ramfuncs)

MODULE SUMMARY

       Module                                   code   initialized data   uninitialized data
       ------                                   ----   ----------------   ------------------
    .\
       Example_2802xSci_Echoback.obj            502    166                6                 
    +--+----------------------------------------+------+------------------+--------------------+
       Total:                                   502    166                6                 
                                                                                            
    C:\Users\A22F~1\AppData\Local\Temp\
       {F4ADAAA3-94A0-4959-8000-2F2EC6BFE815}   0      10                 0                 
    +--+----------------------------------------+------+------------------+--------------------+
       Total:                                   0      10                 0                 
                                                                                            
    C:/ti/c2000/C2000Ware_6_00_01_00/device_support/f2802x/common/ccs/Debug/driverlib.lib
       F2802xX_GlobalVariableDefs.obj           0      0                  1022              
       f2802xx_asmfuncs.obj                     14     0                  0                 
       f2802xx_codestartbranch.obj              10     0                  0                 
    +--+----------------------------------------+------+------------------+--------------------+
       Total:                                   24     0                  1022              
                                                                                            
    C:/ti/ccs2041/ccs/tools/compiler/ti-cgt-c2000_22.6.3.LTS/lib/rts2800_ml.lib
       fs_add28.asm.obj                         120    0                  0                 
       fs_mpy28.asm.obj                         90     0                  0                 
       boot28.asm.obj                           84     0                  0                 
       exit.c.obj                               41     14                 6                 
       l_div28.asm.obj                          42     0                  0                 
       fs_tol28.asm.obj                         41     0                  0                 
       cpy_tbl.c.obj                            36     0                  0                 
       memcpy.c.obj                             28     0                  0                 
       l_tofs28.asm.obj                         26     0                  0                 
       prolog28.asm.obj                         25     0                  0                 
       fs_cmp28.asm.obj                         23     0                  0                 
       args_main.c.obj                          17     0                  0                 
       u_tofs28.asm.obj                         16     0                  0                 
       epilog28.asm.obj                         12     0                  0                 
       _lock.c.obj                              1      0                  4                 
       fs_neg28.asm.obj                         5      0                  0                 
       pre_init.c.obj                           2      0                  0                 
       startup.c.obj                            1      0                  0                 
    +--+----------------------------------------+------+------------------+--------------------+
       Total:                                   610    14                 10                
                                                                                            
       Stack:                                   0      0                  512               
    +--+----------------------------------------+------+------------------+--------------------+
       Grand Total:                             1136   190                1550              


GLOBAL DATA SYMBOLS: SORTED BY DATA PAGE

address     data page           name
--------    ----------------    ----
00000400      10 (00000400)     __stack

00000880      22 (00000880)     _DevEmuRegs

00000985      26 (00000980)     _SysPwrCtrlRegs

00000a80      2a (00000a80)     _FlashRegs

00000ae0      2b (00000ac0)     _CsmRegs

00000b00      2c (00000b00)     _AdcResult

00000c00      30 (00000c00)     _CpuTimer0Regs
00000c08      30 (00000c00)     _CpuTimer1Regs
00000c10      30 (00000c00)     _CpuTimer2Regs

00000ce0      33 (00000cc0)     _PieCtrlRegs

00000d00      34 (00000d00)     _EmuKey
00000d00      34 (00000d00)     _PieVectTable
00000d01      34 (00000d00)     _EmuBMode
00000d02      34 (00000d00)     _Flash_CallbackPtr
00000d04      34 (00000d00)     _Flash_CPUScaleFactor

00006400     190 (00006400)     _Comp1Regs
00006420     190 (00006400)     _Comp2Regs

00006800     1a0 (00006800)     _EPwm1Regs

00006840     1a1 (00006840)     _EPwm2Regs

00006880     1a2 (00006880)     _EPwm3Regs

000068c0     1a3 (000068c0)     _EPwm4Regs

00006a00     1a8 (00006a00)     _ECap1Regs

00006f80     1be (00006f80)     _GpioCtrlRegs

00006fc0     1bf (00006fc0)     _GpioDataRegs
00006fe0     1bf (00006fc0)     _GpioIntRegs

00007010     1c0 (00007000)     _SysCtrlRegs

00007040     1c1 (00007040)     _SpiaRegs
00007050     1c1 (00007040)     _SciaRegs
00007060     1c1 (00007040)     _NmiIntruptRegs
00007070     1c1 (00007040)     _XIntruptRegs

00007100     1c4 (00007100)     _AdcRegs

00007900     1e4 (00007900)     _I2caRegs

00008996     226 (00008980)     _ConversionCount
00008997     226 (00008980)     _AdcResultValue
00008998     226 (00008980)     _AdcReady
0000899a     226 (00008980)     _Voltage
0000899c     226 (00008980)     ___TI_enable_exit_profile_output
0000899e     226 (00008980)     ___TI_cleanup_ptr
000089a0     226 (00008980)     ___TI_dtors_ptr
000089a2     226 (00008980)     __lock
000089a4     226 (00008980)     __unlock

003d7fff    f5ff (003d7fc0)     _PartIdRegs

003f7ff8    fdff (003f7fc0)     _CsmPwl


GLOBAL SYMBOLS: SORTED ALPHABETICALLY BY Name 

page  address   name                            
----  -------   ----                            
0     00008000  .text                           
0     00008346  C$$EXIT                         
0     000081fb  FS$$ADD                         
0     0000840b  FS$$CMP                         
0     0000826e  FS$$MPY                         
0     00008461  FS$$NEG                         
0     000081f6  FS$$SUB                         
0     0000836f  FS$$TOL                         
0     0000831c  L$$DIV                          
0     0000832b  L$$MOD                          
0     000083d8  L$$TOFS                         
0     00008433  U$$TOFS                         
0     00008339  UL$$DIV                         
0     00008340  UL$$MOD                         
1     00008998  _AdcReady                       
1     00007100  _AdcRegs                        
1     00000b00  _AdcResult                      
1     00008997  _AdcResultValue                 
1     00006400  _Comp1Regs                      
1     00006420  _Comp2Regs                      
1     00008996  _ConversionCount                
1     00000c00  _CpuTimer0Regs                  
1     00000c08  _CpuTimer1Regs                  
1     00000c10  _CpuTimer2Regs                  
1     003f7ff8  _CsmPwl                         
1     00000ae0  _CsmRegs                        
0     00008452  _DSP28x_DisableInt              
0     00008456  _DSP28x_RestoreInt              
0     0000007b  _DSP28x_usDelay                 
1     00000880  _DevEmuRegs                     
1     00006a00  _ECap1Regs                      
1     00006800  _EPwm1Regs                      
1     00006840  _EPwm2Regs                      
1     00006880  _EPwm3Regs                      
1     000068c0  _EPwm4Regs                      
1     00000d01  _EmuBMode                       
1     00000d00  _EmuKey                         
1     00000a80  _FlashRegs                      
1     00000d04  _Flash_CPUScaleFactor           
1     00000d02  _Flash_CallbackPtr              
1     00006f80  _GpioCtrlRegs                   
1     00006fc0  _GpioDataRegs                   
1     00006fe0  _GpioIntRegs                    
1     00007900  _I2caRegs                       
1     00007060  _NmiIntruptRegs                 
1     003d7fff  _PartIdRegs                     
1     00000ce0  _PieCtrlRegs                    
1     00000d00  _PieVectTable                   
1     00007050  _SciaRegs                       
1     00007040  _SpiaRegs                       
1     00007010  _SysCtrlRegs                    
1     00000985  _SysPwrCtrlRegs                 
1     0000899a  _Voltage                        
1     00007070  _XIntruptRegs                   
1     00000600  __STACK_END                     
abs   00000200  __STACK_SIZE                    
1     0000899e  ___TI_cleanup_ptr               
1     000089a0  ___TI_dtors_ptr                 
1     0000899c  ___TI_enable_exit_profile_output
abs   ffffffff  ___TI_pprof_out_hndl            
abs   ffffffff  ___TI_prof_data_size            
abs   ffffffff  ___TI_prof_data_start           
abs   ffffffff  ___binit__                      
abs   ffffffff  ___c_args__                     
0     00000050  ___cinit__                      
0     0000846a  ___etext__                      
abs   ffffffff  ___pinit__                      
0     00008000  ___text__                       
0     00008422  __args_main                     
1     000089a2  __lock                          
0     00008468  __nop                           
1     00000400  __stack                         
0     00008469  __system_post_cinit             
0     00008466  __system_pre_init               
1     000089a4  __unlock                        
0     00008346  _abort                          
0     000080ea  _adc_to_voltage                 
0     000082c8  _c_int00                        
0     00008398  _copy_in                        
0     000080dd  _delay                          
0     00008443  _epilog_c28x_1                  
0     00008447  _epilog_c28x_2                  
0     00008348  _exit                           
0     00008101  _main                           
0     000083bc  _memcpy                         
0     000083f2  _prolog_c28x_1                  
0     000083f6  _prolog_c28x_2                  
0     000083fe  _prolog_c28x_3                  
0     00008027  _scia_float                     
0     00008012  _scia_init                      
0     00008007  _scia_msg                       
0     00008000  _scia_xmit                      
0     0000844f  _setDBGIER                      
abs   ffffffff  binit                           
0     00000050  cinit                           
0     00000000  code_start                      
0     0000846a  etext                           
abs   ffffffff  pinit                           


GLOBAL SYMBOLS: SORTED BY Symbol Address 

page  address   name                            
----  -------   ----                            
0     00000000  code_start                      
0     00000050  ___cinit__                      
0     00000050  cinit                           
0     0000007b  _DSP28x_usDelay                 
0     00008000  .text                           
0     00008000  ___text__                       
0     00008000  _scia_xmit                      
0     00008007  _scia_msg                       
0     00008012  _scia_init                      
0     00008027  _scia_float                     
0     000080dd  _delay                          
0     000080ea  _adc_to_voltage                 
0     00008101  _main                           
0     000081f6  FS$$SUB                         
0     000081fb  FS$$ADD                         
0     0000826e  FS$$MPY                         
0     000082c8  _c_int00                        
0     0000831c  L$$DIV                          
0     0000832b  L$$MOD                          
0     00008339  UL$$DIV                         
0     00008340  UL$$MOD                         
0     00008346  C$$EXIT                         
0     00008346  _abort                          
0     00008348  _exit                           
0     0000836f  FS$$TOL                         
0     00008398  _copy_in                        
0     000083bc  _memcpy                         
0     000083d8  L$$TOFS                         
0     000083f2  _prolog_c28x_1                  
0     000083f6  _prolog_c28x_2                  
0     000083fe  _prolog_c28x_3                  
0     0000840b  FS$$CMP                         
0     00008422  __args_main                     
0     00008433  U$$TOFS                         
0     00008443  _epilog_c28x_1                  
0     00008447  _epilog_c28x_2                  
0     0000844f  _setDBGIER                      
0     00008452  _DSP28x_DisableInt              
0     00008456  _DSP28x_RestoreInt              
0     00008461  FS$$NEG                         
0     00008466  __system_pre_init               
0     00008468  __nop                           
0     00008469  __system_post_cinit             
0     0000846a  ___etext__                      
0     0000846a  etext                           
1     00000400  __stack                         
1     00000600  __STACK_END                     
1     00000880  _DevEmuRegs                     
1     00000985  _SysPwrCtrlRegs                 
1     00000a80  _FlashRegs                      
1     00000ae0  _CsmRegs                        
1     00000b00  _AdcResult                      
1     00000c00  _CpuTimer0Regs                  
1     00000c08  _CpuTimer1Regs                  
1     00000c10  _CpuTimer2Regs                  
1     00000ce0  _PieCtrlRegs                    
1     00000d00  _EmuKey                         
1     00000d00  _PieVectTable                   
1     00000d01  _EmuBMode                       
1     00000d02  _Flash_CallbackPtr              
1     00000d04  _Flash_CPUScaleFactor           
1     00006400  _Comp1Regs                      
1     00006420  _Comp2Regs                      
1     00006800  _EPwm1Regs                      
1     00006840  _EPwm2Regs                      
1     00006880  _EPwm3Regs                      
1     000068c0  _EPwm4Regs                      
1     00006a00  _ECap1Regs                      
1     00006f80  _GpioCtrlRegs                   
1     00006fc0  _GpioDataRegs                   
1     00006fe0  _GpioIntRegs                    
1     00007010  _SysCtrlRegs                    
1     00007040  _SpiaRegs                       
1     00007050  _SciaRegs                       
1     00007060  _NmiIntruptRegs                 
1     00007070  _XIntruptRegs                   
1     00007100  _AdcRegs                        
1     00007900  _I2caRegs                       
1     00008996  _ConversionCount                
1     00008997  _AdcResultValue                 
1     00008998  _AdcReady                       
1     0000899a  _Voltage                        
1     0000899c  ___TI_enable_exit_profile_output
1     0000899e  ___TI_cleanup_ptr               
1     000089a0  ___TI_dtors_ptr                 
1     000089a2  __lock                          
1     000089a4  __unlock                        
1     003d7fff  _PartIdRegs                     
1     003f7ff8  _CsmPwl                         
abs   00000200  __STACK_SIZE                    
abs   ffffffff  ___TI_pprof_out_hndl            
abs   ffffffff  ___TI_prof_data_size            
abs   ffffffff  ___TI_prof_data_start           
abs   ffffffff  ___binit__                      
abs   ffffffff  ___c_args__                     
abs   ffffffff  ___pinit__                      
abs   ffffffff  binit                           
abs   ffffffff  pinit                           

[98 symbols]
